00:00 +0: loading C:/FlutterProjects/eCommerce/ecommerce_project/test/widget_test.dart
00:00 +0: App smoke test
ΓòÉΓòÉΓòí EXCEPTION CAUGHT BY WIDGETS LIBRARY Γò₧ΓòÉΓòÉΓòÉΓòÉΓòÉΓòÉΓòÉΓòÉΓòÉΓòÉΓòÉΓòÉΓòÉΓòÉΓòÉΓòÉΓòÉΓòÉΓòÉΓòÉΓòÉΓòÉΓòÉΓòÉΓòÉΓòÉΓòÉΓòÉΓòÉΓòÉΓòÉΓòÉΓòÉΓòÉΓòÉΓòÉΓòÉΓòÉΓòÉΓòÉΓòÉΓòÉΓòÉΓòÉΓòÉΓòÉΓòÉΓòÉΓòÉΓòÉΓòÉΓòÉΓòÉΓòÉΓòÉΓòÉΓòÉΓòÉΓòÉ
The following LateError was thrown building EnchantedForestApp(dirty):
LateInitializationError: Field 'screenWidth' has not been initialized.

The relevant error-causing widget was:
  EnchantedForestApp
  EnchantedForestApp:file:///C:/FlutterProjects/eCommerce/ecommerce_project/test/widget_test.dart:15:35

When the exception was thrown, this was the stack:
#0      MediaQueryHelper.screenWidth (package:ecommerce_project/core/responsive/media_query_helper.dart)
#1      MediaQueryHelper.isMobile (package:ecommerce_project/core/responsive/media_query_helper.dart:19:31)
#2      MediaQueryHelper.responsiveFontSize (package:ecommerce_project/core/responsive/media_query_helper.dart:37:26)
#3      AppTextStyles.heading2 (package:ecommerce_project/core/theme/app_text_styles.dart:19:32)
#4      AppTheme.lightTheme (package:ecommerce_project/core/theme/app_theme.dart:28:39)
#5      EnchantedForestApp.build (package:ecommerce_project/main.dart:18:23)
#6      StatelessElement.build (package:flutter/src/widgets/framework.dart:5889:49)
#7      ComponentElement.performRebuild (package:flutter/src/widgets/framework.dart:5817:15)
#8      Element.rebuild (package:flutter/src/widgets/framework.dart:5529:7)
#9      ComponentElement._firstBuild (package:flutter/src/widgets/framework.dart:5799:5)
#10     ComponentElement.mount (package:flutter/src/widgets/framework.dart:5793:5)
#11     Element.inflateWidget (package:flutter/src/widgets/framework.dart:4587:20)
#12     Element.updateChild (package:flutter/src/widgets/framework.dart:4053:20)
#13     ComponentElement.performRebuild (package:flutter/src/widgets/framework.dart:5841:16)
#14     Element.rebuild (package:flutter/src/widgets/framework.dart:5529:7)
#15     ProxyElement.update (package:flutter/src/widgets/framework.dart:6149:5)
#16     _InheritedNotifierElement.update (package:flutter/src/widgets/inherited_notifier.dart:108:11)
#17     Element.updateChild (package:flutter/src/widgets/framework.dart:4037:15)
#18     ComponentElement.performRebuild (package:flutter/src/widgets/framework.dart:5841:16)
#19     StatefulElement.performRebuild (package:flutter/src/widgets/framework.dart:5982:11)
#20     Element.rebuild (package:flutter/src/widgets/framework.dart:5529:7)
#21     StatefulElement.update (package:flutter/src/widgets/framework.dart:6007:5)
#22     Element.updateChild (package:flutter/src/widgets/framework.dart:4037:15)
#23     ComponentElement.performRebuild (package:flutter/src/widgets/framework.dart:5841:16)
#24     Element.rebuild (package:flutter/src/widgets/framework.dart:5529:7)
#25     ProxyElement.update (package:flutter/src/widgets/framework.dart:6149:5)
#26     _InheritedNotifierElement.update (package:flutter/src/widgets/inherited_notifier.dart:108:11)
#27     Element.updateChild (package:flutter/src/widgets/framework.dart:4037:15)
#28     ComponentElement.performRebuild (package:flutter/src/widgets/framework.dart:5841:16)
#29     StatefulElement.performRebuild (package:flutter/src/widgets/framework.dart:5982:11)
#30     Element.rebuild (package:flutter/src/widgets/framework.dart:5529:7)
#31     StatefulElement.update (package:flutter/src/widgets/framework.dart:6007:5)
#32     Element.updateChild (package:flutter/src/widgets/framework.dart:4037:15)
#33     ComponentElement.performRebuild (package:flutter/src/widgets/framework.dart:5841:16)
#34     StatefulElement.performRebuild (package:flutter/src/widgets/framework.dart:5982:11)
#35     Element.rebuild (package:flutter/src/widgets/framework.dart:5529:7)
#36     StatefulElement.update (package:flutter/src/widgets/framework.dart:6007:5)
#37     Element.updateChild (package:flutter/src/widgets/framework.dart:4037:15)
#38     ComponentElement.performRebuild (package:flutter/src/widgets/framework.dart:5841:16)
#39     Element.rebuild (package:flutter/src/widgets/framework.dart:5529:7)
#40     ProxyElement.update (package:flutter/src/widgets/framework.dart:6149:5)
#41     Element.updateChild (package:flutter/src/widgets/framework.dart:4037:15)
#42     ComponentElement.performRebuild (package:flutter/src/widgets/framework.dart:5841:16)
#43     StatefulElement.performRebuild (package:flutter/src/widgets/framework.dart:5982:11)
#44     Element.rebuild (package:flutter/src/widgets/framework.dart:5529:7)
#45     StatefulElement.update (package:flutter/src/widgets/framework.dart:6007:5)
#46     Element.updateChild (package:flutter/src/widgets/framework.dart:4037:15)
#47     ComponentElement.performRebuild (package:flutter/src/widgets/framework.dart:5841:16)
#48     Element.rebuild (package:flutter/src/widgets/framework.dart:5529:7)
#49     ProxyElement.update (package:flutter/src/widgets/framework.dart:6149:5)
#50     Element.updateChild (package:flutter/src/widgets/framework.dart:4037:15)
#51     ComponentElement.performRebuild (package:flutter/src/widgets/framework.dart:5841:16)
#52     Element.rebuild (package:flutter/src/widgets/framework.dart:5529:7)
#53     ProxyElement.update (package:flutter/src/widgets/framework.dart:6149:5)
#54     Element.updateChild (package:flutter/src/widgets/framework.dart:4037:15)
#55     _RawViewElement._updateChild (package:flutter/src/widgets/view.dart:481:16)
#56     _RawViewElement.update (package:flutter/src/widgets/view.dart:568:5)
#57     Element.updateChild (package:flutter/src/widgets/framework.dart:4037:15)
#58     ComponentElement.performRebuild (package:flutter/src/widgets/framework.dart:5841:16)
#59     Element.rebuild (package:flutter/src/widgets/framework.dart:5529:7)
#60     StatelessElement.update (package:flutter/src/widgets/framework.dart:5895:5)
#61     Element.updateChild (package:flutter/src/widgets/framework.dart:4037:15)
#62     ComponentElement.performRebuild (package:flutter/src/widgets/framework.dart:5841:16)
#63     StatefulElement.performRebuild (package:flutter/src/widgets/framework.dart:5982:11)
#64     Element.rebuild (package:flutter/src/widgets/framework.dart:5529:7)
#65     StatefulElement.update (package:flutter/src/widgets/framework.dart:6007:5)
#66     Element.updateChild (package:flutter/src/widgets/framework.dart:4037:15)
#67     RootElement._rebuild (package:flutter/src/widgets/binding.dart:1822:16)
#68     RootElement.update (package:flutter/src/widgets/binding.dart:1800:5)
#69     RootElement.performRebuild (package:flutter/src/widgets/binding.dart:1814:7)
#70     Element.rebuild (package:flutter/src/widgets/framework.dart:5529:7)
#71     BuildScope._tryRebuild (package:flutter/src/widgets/framework.dart:2750:15)
#72     BuildScope._flushDirtyElements (package:flutter/src/widgets/framework.dart:2807:11)
#73     BuildOwner.buildScope (package:flutter/src/widgets/framework.dart:3111:18)
#74     AutomatedTestWidgetsFlutterBinding.drawFrame (package:flutter_test/src/binding.dart:2131:19)
#75     RendererBinding._handlePersistentFrameCallback (package:flutter/src/rendering/binding.dart:495:5)
#76     SchedulerBinding._invokeFrameCallback (package:flutter/src/scheduler/binding.dart:1430:15)
#77     SchedulerBinding.handleDrawFrame (package:flutter/src/scheduler/binding.dart:1345:9)
#78     AutomatedTestWidgetsFlutterBinding.pump.<anonymous closure> (package:flutter_test/src/binding.dart:1960:9)
#81     TestAsyncUtils.guard (package:flutter_test/src/test_async_utils.dart:74:41)
#82     AutomatedTestWidgetsFlutterBinding.pump (package:flutter_test/src/binding.dart:1949:27)
#83     WidgetTester.pumpWidget.<anonymous closure> (package:flutter_test/src/widget_tester.dart:598:22)
#86     TestAsyncUtils.guard (package:flutter_test/src/test_async_utils.dart:74:41)
#87     WidgetTester.pumpWidget (package:flutter_test/src/widget_tester.dart:595:27)
#88     main.<anonymous closure> (file:///C:/FlutterProjects/eCommerce/ecommerce_project/test/widget_test.dart:15:18)
#89     testWidgets.<anonymous closure>.<anonymous closure> (package:flutter_test/src/widget_tester.dart:192:29)
<asynchronous suspension>
#90     TestWidgetsFlutterBinding._runTestBody (package:flutter_test/src/binding.dart:1682:5)
<asynchronous suspension>
<asynchronous suspension>
(elided 5 frames from dart:async and package:stack_trace)

ΓòÉΓòÉΓòÉΓòÉΓòÉΓòÉΓòÉΓòÉΓòÉΓòÉΓòÉΓòÉΓòÉΓòÉΓòÉΓòÉΓòÉΓòÉΓòÉΓòÉΓòÉΓòÉΓòÉΓòÉΓòÉΓòÉΓòÉΓòÉΓòÉΓòÉΓòÉΓòÉΓòÉΓòÉΓòÉΓòÉΓòÉΓòÉΓòÉΓòÉΓòÉΓòÉΓòÉΓòÉΓòÉΓòÉΓòÉΓòÉΓòÉΓòÉΓòÉΓòÉΓòÉΓòÉΓòÉΓòÉΓòÉΓòÉΓòÉΓòÉΓòÉΓòÉΓòÉΓòÉΓòÉΓòÉΓòÉΓòÉΓòÉΓòÉΓòÉΓòÉΓòÉΓòÉΓòÉΓòÉΓòÉΓòÉΓòÉΓòÉΓòÉΓòÉΓòÉΓòÉΓòÉΓòÉΓòÉΓòÉΓòÉΓòÉΓòÉΓòÉΓòÉΓòÉΓòÉΓòÉΓòÉΓòÉΓòÉΓòÉ
ΓòÉΓòÉΓòí EXCEPTION CAUGHT BY FLUTTER TEST FRAMEWORK Γò₧ΓòÉΓòÉΓòÉΓòÉΓòÉΓòÉΓòÉΓòÉΓòÉΓòÉΓòÉΓòÉΓòÉΓòÉΓòÉΓòÉΓòÉΓòÉΓòÉΓòÉΓòÉΓòÉΓòÉΓòÉΓòÉΓòÉΓòÉΓòÉΓòÉΓòÉΓòÉΓòÉΓòÉΓòÉΓòÉΓòÉΓòÉΓòÉΓòÉΓòÉΓòÉΓòÉΓòÉΓòÉΓòÉΓòÉΓòÉΓòÉΓòÉΓòÉΓòÉΓòÉ
The following TestFailure was thrown running a test:
Expected: exactly one matching candidate
  Actual: _TextWidgetFinder:<Found 0 widgets with text "Component Gallery": []>
   Which: means none were found but one was expected

When the exception was thrown, this was the stack:
#4      main.<anonymous closure> (file:///C:/FlutterProjects/eCommerce/ecommerce_project/test/widget_test.dart:18:5)
<asynchronous suspension>
#5      testWidgets.<anonymous closure>.<anonymous closure> (package:flutter_test/src/widget_tester.dart:192:15)
<asynchronous suspension>
#6      TestWidgetsFlutterBinding._runTestBody (package:flutter_test/src/binding.dart:1682:5)
<asynchronous suspension>
<asynchronous suspension>
(elided one frame from package:stack_trace)

This was caught by the test expectation on the following line:
  file:///C:/FlutterProjects/eCommerce/ecommerce_project/test/widget_test.dart line 18
The test description was:
  App smoke test
ΓòÉΓòÉΓòÉΓòÉΓòÉΓòÉΓòÉΓòÉΓòÉΓòÉΓòÉΓòÉΓòÉΓòÉΓòÉΓòÉΓòÉΓòÉΓòÉΓòÉΓòÉΓòÉΓòÉΓòÉΓòÉΓòÉΓòÉΓòÉΓòÉΓòÉΓòÉΓòÉΓòÉΓòÉΓòÉΓòÉΓòÉΓòÉΓòÉΓòÉΓòÉΓòÉΓòÉΓòÉΓòÉΓòÉΓòÉΓòÉΓòÉΓòÉΓòÉΓòÉΓòÉΓòÉΓòÉΓòÉΓòÉΓòÉΓòÉΓòÉΓòÉΓòÉΓòÉΓòÉΓòÉΓòÉΓòÉΓòÉΓòÉΓòÉΓòÉΓòÉΓòÉΓòÉΓòÉΓòÉΓòÉΓòÉΓòÉΓòÉΓòÉΓòÉΓòÉΓòÉΓòÉΓòÉΓòÉΓòÉΓòÉΓòÉΓòÉΓòÉΓòÉΓòÉΓòÉΓòÉΓòÉΓòÉΓòÉΓòÉ
ΓòÉΓòÉΓòí EXCEPTION CAUGHT BY FLUTTER TEST FRAMEWORK Γò₧ΓòÉΓòÉΓòÉΓòÉΓòÉΓòÉΓòÉΓòÉΓòÉΓòÉΓòÉΓòÉΓòÉΓòÉΓòÉΓòÉΓòÉΓòÉΓòÉΓòÉΓòÉΓòÉΓòÉΓòÉΓòÉΓòÉΓòÉΓòÉΓòÉΓòÉΓòÉΓòÉΓòÉΓòÉΓòÉΓòÉΓòÉΓòÉΓòÉΓòÉΓòÉΓòÉΓòÉΓòÉΓòÉΓòÉΓòÉΓòÉΓòÉΓòÉΓòÉΓòÉ
The following message was thrown:
Multiple exceptions (2) were detected during the running of the current test, and at least one was
unexpected.
ΓòÉΓòÉΓòÉΓòÉΓòÉΓòÉΓòÉΓòÉΓòÉΓòÉΓòÉΓòÉΓòÉΓòÉΓòÉΓòÉΓòÉΓòÉΓòÉΓòÉΓòÉΓòÉΓòÉΓòÉΓòÉΓòÉΓòÉΓòÉΓòÉΓòÉΓòÉΓòÉΓòÉΓòÉΓòÉΓòÉΓòÉΓòÉΓòÉΓòÉΓòÉΓòÉΓòÉΓòÉΓòÉΓòÉΓòÉΓòÉΓòÉΓòÉΓòÉΓòÉΓòÉΓòÉΓòÉΓòÉΓòÉΓòÉΓòÉΓòÉΓòÉΓòÉΓòÉΓòÉΓòÉΓòÉΓòÉΓòÉΓòÉΓòÉΓòÉΓòÉΓòÉΓòÉΓòÉΓòÉΓòÉΓòÉΓòÉΓòÉΓòÉΓòÉΓòÉΓòÉΓòÉΓòÉΓòÉΓòÉΓòÉΓòÉΓòÉΓòÉΓòÉΓòÉΓòÉΓòÉΓòÉΓòÉΓòÉΓòÉ
00:00 +0 -1: App smoke test [E]
  Test failed. See exception logs above.
  The test description was: App smoke test
  
00:00 +0 -1: Some tests failed.
